---
source: tests/game.rs
expression: history
---
[
    State {
        current: Black,
        board: Board {
            black: PlayerState {
                hand: PieceList(
                    4095,
                ),
                move_list: [],
                occupied: BitBoard(
                    0,
                ),
                owned: BitBoard(
                    0,
                ),
            },
            white: PlayerState {
                hand: PieceList(
                    4095,
                ),
                move_list: [],
                occupied: BitBoard(
                    0,
                ),
                owned: BitBoard(
                    0,
                ),
            },
            boss: BitBoard(
                0,
            ),
            rays: Rays {
                s: BitBoard(
                    0,
                ),
                w: BitBoard(
                    0,
                ),
                n: BitBoard(
                    0,
                ),
                e: BitBoard(
                    0,
                ),
            },
        },
        hash: 0,
        capture_flag: false,
    },
    State {
        current: White,
        board: Board {
            black: PlayerState {
                hand: PieceList(
                    4094,
                ),
                move_list: [
                    Move(
                        160,
                    ),
                ],
                occupied: BitBoard(
                    1579008,
                ),
                owned: BitBoard(
                    0,
                ),
            },
            white: PlayerState {
                hand: PieceList(
                    4095,
                ),
                move_list: [],
                occupied: BitBoard(
                    0,
                ),
                owned: BitBoard(
                    0,
                ),
            },
            boss: BitBoard(
                1579008,
            ),
            rays: Rays {
                s: BitBoard(
                    0,
                ),
                w: BitBoard(
                    0,
                ),
                n: BitBoard(
                    0,
                ),
                e: BitBoard(
                    0,
                ),
            },
        },
        hash: 6723076509582233720,
        capture_flag: false,
    },
    State {
        current: Black,
        board: Board {
            black: PlayerState {
                hand: PieceList(
                    4094,
                ),
                move_list: [
                    Move(
                        160,
                    ),
                ],
                occupied: BitBoard(
                    1579008,
                ),
                owned: BitBoard(
                    0,
                ),
            },
            white: PlayerState {
                hand: PieceList(
                    4094,
                ),
                move_list: [
                    Move(
                        352,
                    ),
                ],
                occupied: BitBoard(
                    25870467072,
                ),
                owned: BitBoard(
                    0,
                ),
            },
            boss: BitBoard(
                25872046080,
            ),
            rays: Rays {
                s: BitBoard(
                    0,
                ),
                w: BitBoard(
                    0,
                ),
                n: BitBoard(
                    0,
                ),
                e: BitBoard(
                    0,
                ),
            },
        },
        hash: 16812607052167909453,
        capture_flag: false,
    },
    State {
        current: White,
        board: Board {
            black: PlayerState {
                hand: PieceList(
                    4062,
                ),
                move_list: [
                    Move(
                        160,
                    ),
                    Move(
                        15749,
                    ),
                ],
                occupied: BitBoard(
                    844424931710976,
                ),
                owned: BitBoard(
                    0,
                ),
            },
            white: PlayerState {
                hand: PieceList(
                    4094,
                ),
                move_list: [
                    Move(
                        352,
                    ),
                ],
                occupied: BitBoard(
                    25870467072,
                ),
                owned: BitBoard(
                    0,
                ),
            },
            boss: BitBoard(
                25872046080,
            ),
            rays: Rays {
                s: BitBoard(
                    0,
                ),
                w: BitBoard(
                    0,
                ),
                n: BitBoard(
                    0,
                ),
                e: BitBoard(
                    0,
                ),
            },
        },
        hash: 876727990810210173,
        capture_flag: false,
    },
    State {
        current: Black,
        board: Board {
            black: PlayerState {
                hand: PieceList(
                    4062,
                ),
                move_list: [
                    Move(
                        160,
                    ),
                    Move(
                        15749,
                    ),
                ],
                occupied: BitBoard(
                    844424931710976,
                ),
                owned: BitBoard(
                    0,
                ),
            },
            white: PlayerState {
                hand: PieceList(
                    3966,
                ),
                move_list: [
                    Move(
                        352,
                    ),
                    Move(
                        16151,
                    ),
                ],
                occupied: BitBoard(
                    25878904832,
                ),
                owned: BitBoard(
                    0,
                ),
            },
            boss: BitBoard(
                25872046080,
            ),
            rays: Rays {
                s: BitBoard(
                    0,
                ),
                w: BitBoard(
                    0,
                ),
                n: BitBoard(
                    0,
                ),
                e: BitBoard(
                    0,
                ),
            },
        },
        hash: 3739328344406295279,
        capture_flag: false,
    },
    State {
        current: White,
        board: Board {
            black: PlayerState {
                hand: PieceList(
                    3038,
                ),
                move_list: [
                    Move(
                        160,
                    ),
                    Move(
                        15749,
                    ),
                    Move(
                        24394,
                    ),
                ],
                occupied: BitBoard(
                    584060576676190208,
                ),
                owned: BitBoard(
                    0,
                ),
            },
            white: PlayerState {
                hand: PieceList(
                    3966,
                ),
                move_list: [
                    Move(
                        352,
                    ),
                    Move(
                        16151,
                    ),
                ],
                occupied: BitBoard(
                    25878904832,
                ),
                owned: BitBoard(
                    0,
                ),
            },
            boss: BitBoard(
                25872046080,
            ),
            rays: Rays {
                s: BitBoard(
                    0,
                ),
                w: BitBoard(
                    0,
                ),
                n: BitBoard(
                    0,
                ),
                e: BitBoard(
                    0,
                ),
            },
        },
        hash: 13742228069652407115,
        capture_flag: false,
    },
    State {
        current: Black,
        board: Board {
            black: PlayerState {
                hand: PieceList(
                    3038,
                ),
                move_list: [
                    Move(
                        160,
                    ),
                    Move(
                        15749,
                    ),
                    Move(
                        24394,
                    ),
                ],
                occupied: BitBoard(
                    584060576676190208,
                ),
                owned: BitBoard(
                    0,
                ),
            },
            white: PlayerState {
                hand: PieceList(
                    3958,
                ),
                move_list: [
                    Move(
                        352,
                    ),
                    Move(
                        16151,
                    ),
                    Move(
                        9443,
                    ),
                ],
                occupied: BitBoard(
                    8856331665408,
                ),
                owned: BitBoard(
                    0,
                ),
            },
            boss: BitBoard(
                25872046080,
            ),
            rays: Rays {
                s: BitBoard(
                    0,
                ),
                w: BitBoard(
                    0,
                ),
                n: BitBoard(
                    0,
                ),
                e: BitBoard(
                    0,
                ),
            },
        },
        hash: 8856997421090933990,
        capture_flag: false,
    },
    State {
        current: White,
        board: Board {
            black: PlayerState {
                hand: PieceList(
                    3022,
                ),
                move_list: [
                    Move(
                        160,
                    ),
                    Move(
                        15749,
                    ),
                    Move(
                        24394,
                    ),
                    Move(
                        9844,
                    ),
                ],
                occupied: BitBoard(
                    584060576676190976,
                ),
                owned: BitBoard(
                    0,
                ),
            },
            white: PlayerState {
                hand: PieceList(
                    3958,
                ),
                move_list: [
                    Move(
                        352,
                    ),
                    Move(
                        16151,
                    ),
                    Move(
                        9443,
                    ),
                ],
                occupied: BitBoard(
                    8856331665408,
                ),
                owned: BitBoard(
                    0,
                ),
            },
            boss: BitBoard(
                25872046080,
            ),
            rays: Rays {
                s: BitBoard(
                    0,
                ),
                w: BitBoard(
                    0,
                ),
                n: BitBoard(
                    0,
                ),
                e: BitBoard(
                    0,
                ),
            },
        },
        hash: 12879893255516210373,
        capture_flag: false,
    },
    State {
        current: Black,
        board: Board {
            black: PlayerState {
                hand: PieceList(
                    3022,
                ),
                move_list: [
                    Move(
                        160,
                    ),
                    Move(
                        15749,
                    ),
                    Move(
                        24394,
                    ),
                    Move(
                        9844,
                    ),
                ],
                occupied: BitBoard(
                    584060576676190976,
                ),
                owned: BitBoard(
                    0,
                ),
            },
            white: PlayerState {
                hand: PieceList(
                    1910,
                ),
                move_list: [
                    Move(
                        352,
                    ),
                    Move(
                        16151,
                    ),
                    Move(
                        9443,
                    ),
                    Move(
                        25771,
                    ),
                ],
                occupied: BitBoard(
                    79637392703488,
                ),
                owned: BitBoard(
                    0,
                ),
            },
            boss: BitBoard(
                25872046080,
            ),
            rays: Rays {
                s: BitBoard(
                    0,
                ),
                w: BitBoard(
                    0,
                ),
                n: BitBoard(
                    0,
                ),
                e: BitBoard(
                    0,
                ),
            },
        },
        hash: 11763338341019089938,
        capture_flag: false,
    },
    State {
        current: White,
        board: Board {
            black: PlayerState {
                hand: PieceList(
                    3014,
                ),
                move_list: [
                    Move(
                        160,
                    ),
                    Move(
                        15749,
                    ),
                    Move(
                        24394,
                    ),
                    Move(
                        9844,
                    ),
                    Move(
                        9715,
                    ),
                ],
                occupied: BitBoard(
                    5213760993613060864,
                ),
                owned: BitBoard(
                    0,
                ),
            },
            white: PlayerState {
                hand: PieceList(
                    1910,
                ),
                move_list: [
                    Move(
                        352,
                    ),
                    Move(
                        16151,
                    ),
                    Move(
                        9443,
                    ),
                    Move(
                        25771,
                    ),
                ],
                occupied: BitBoard(
                    79637392703488,
                ),
                owned: BitBoard(
                    0,
                ),
            },
            boss: BitBoard(
                25872046080,
            ),
            rays: Rays {
                s: BitBoard(
                    0,
                ),
                w: BitBoard(
                    0,
                ),
                n: BitBoard(
                    0,
                ),
                e: BitBoard(
                    0,
                ),
            },
        },
        hash: 4134267784147250545,
        capture_flag: false,
    },
    State {
        current: Black,
        board: Board {
            black: PlayerState {
                hand: PieceList(
                    3014,
                ),
                move_list: [
                    Move(
                        160,
                    ),
                    Move(
                        15749,
                    ),
                    Move(
                        24394,
                    ),
                    Move(
                        9844,
                    ),
                    Move(
                        9715,
                    ),
                ],
                occupied: BitBoard(
                    5213760993613060864,
                ),
                owned: BitBoard(
                    0,
                ),
            },
            white: PlayerState {
                hand: PieceList(
                    1398,
                ),
                move_list: [
                    Move(
                        352,
                    ),
                    Move(
                        16151,
                    ),
                    Move(
                        9443,
                    ),
                    Move(
                        25771,
                    ),
                    Move(
                        19785,
                    ),
                ],
                occupied: BitBoard(
                    1212134369312768,
                ),
                owned: BitBoard(
                    0,
                ),
            },
            boss: BitBoard(
                25872046080,
            ),
            rays: Rays {
                s: BitBoard(
                    0,
                ),
                w: BitBoard(
                    0,
                ),
                n: BitBoard(
                    0,
                ),
                e: BitBoard(
                    0,
                ),
            },
        },
        hash: 13697652029878987809,
        capture_flag: false,
    },
    State {
        current: White,
        board: Board {
            black: PlayerState {
                hand: PieceList(
                    3012,
                ),
                move_list: [
                    Move(
                        160,
                    ),
                    Move(
                        15749,
                    ),
                    Move(
                        24394,
                    ),
                    Move(
                        9844,
                    ),
                    Move(
                        9715,
                    ),
                    Move(
                        2705,
                    ),
                ],
                occupied: BitBoard(
                    5213760993613191936,
                ),
                owned: BitBoard(
                    0,
                ),
            },
            white: PlayerState {
                hand: PieceList(
                    1398,
                ),
                move_list: [
                    Move(
                        352,
                    ),
                    Move(
                        16151,
                    ),
                    Move(
                        9443,
                    ),
                    Move(
                        25771,
                    ),
                    Move(
                        19785,
                    ),
                ],
                occupied: BitBoard(
                    1212134369312768,
                ),
                owned: BitBoard(
                    0,
                ),
            },
            boss: BitBoard(
                25872046080,
            ),
            rays: Rays {
                s: BitBoard(
                    0,
                ),
                w: BitBoard(
                    0,
                ),
                n: BitBoard(
                    0,
                ),
                e: BitBoard(
                    0,
                ),
            },
        },
        hash: 5037415567139842381,
        capture_flag: false,
    },
    State {
        current: Black,
        board: Board {
            black: PlayerState {
                hand: PieceList(
                    3012,
                ),
                move_list: [
                    Move(
                        160,
                    ),
                    Move(
                        15749,
                    ),
                    Move(
                        24394,
                    ),
                    Move(
                        9844,
                    ),
                    Move(
                        9715,
                    ),
                    Move(
                        2705,
                    ),
                ],
                occupied: BitBoard(
                    5213760993613191936,
                ),
                owned: BitBoard(
                    0,
                ),
            },
            white: PlayerState {
                hand: PieceList(
                    1366,
                ),
                move_list: [
                    Move(
                        352,
                    ),
                    Move(
                        16151,
                    ),
                    Move(
                        9443,
                    ),
                    Move(
                        25771,
                    ),
                    Move(
                        19785,
                    ),
                    Move(
                        13317,
                    ),
                ],
                occupied: BitBoard(
                    1212203357224960,
                ),
                owned: BitBoard(
                    0,
                ),
            },
            boss: BitBoard(
                25872046080,
            ),
            rays: Rays {
                s: BitBoard(
                    0,
                ),
                w: BitBoard(
                    0,
                ),
                n: BitBoard(
                    0,
                ),
                e: BitBoard(
                    0,
                ),
            },
        },
        hash: 8500046760893453562,
        capture_flag: false,
    },
    State {
        current: White,
        board: Board {
            black: PlayerState {
                hand: PieceList(
                    2884,
                ),
                move_list: [
                    Move(
                        160,
                    ),
                    Move(
                        15749,
                    ),
                    Move(
                        24394,
                    ),
                    Move(
                        9844,
                    ),
                    Move(
                        9715,
                    ),
                    Move(
                        2705,
                    ),
                    Move(
                        17367,
                    ),
                ],
                occupied: BitBoard(
                    5213760993619491584,
                ),
                owned: BitBoard(
                    0,
                ),
            },
            white: PlayerState {
                hand: PieceList(
                    1366,
                ),
                move_list: [
                    Move(
                        352,
                    ),
                    Move(
                        16151,
                    ),
                    Move(
                        9443,
                    ),
                    Move(
                        25771,
                    ),
                    Move(
                        19785,
                    ),
                    Move(
                        13317,
                    ),
                ],
                occupied: BitBoard(
                    1212203357224960,
                ),
                owned: BitBoard(
                    0,
                ),
            },
            boss: BitBoard(
                25872046080,
            ),
            rays: Rays {
                s: BitBoard(
                    0,
                ),
                w: BitBoard(
                    0,
                ),
                n: BitBoard(
                    0,
                ),
                e: BitBoard(
                    0,
                ),
            },
        },
        hash: 17203547662430232502,
        capture_flag: false,
    },
    State {
        current: Black,
        board: Board {
            black: PlayerState {
                hand: PieceList(
                    2884,
                ),
                move_list: [
                    Move(
                        160,
                    ),
                    Move(
                        15749,
                    ),
                    Move(
                        24394,
                    ),
                    Move(
                        9844,
                    ),
                    Move(
                        9715,
                    ),
                    Move(
                        2705,
                    ),
                    Move(
                        17367,
                    ),
                ],
                occupied: BitBoard(
                    5213760993619491584,
                ),
                owned: BitBoard(
                    0,
                ),
            },
            white: PlayerState {
                hand: PieceList(
                    1364,
                ),
                move_list: [
                    Move(
                        352,
                    ),
                    Move(
                        16151,
                    ),
                    Move(
                        9443,
                    ),
                    Move(
                        25771,
                    ),
                    Move(
                        19785,
                    ),
                    Move(
                        13317,
                    ),
                    Move(
                        801,
                    ),
                ],
                occupied: BitBoard(
                    1212203357224964,
                ),
                owned: BitBoard(
                    0,
                ),
            },
            boss: BitBoard(
                25872046080,
            ),
            rays: Rays {
                s: BitBoard(
                    0,
                ),
                w: BitBoard(
                    0,
                ),
                n: BitBoard(
                    0,
                ),
                e: BitBoard(
                    0,
                ),
            },
        },
        hash: 7382552176476705027,
        capture_flag: false,
    },
    State {
        current: White,
        board: Board {
            black: PlayerState {
                hand: PieceList(
                    2820,
                ),
                move_list: [
                    Move(
                        160,
                    ),
                    Move(
                        15749,
                    ),
                    Move(
                        24394,
                    ),
                    Move(
                        9844,
                    ),
                    Move(
                        9715,
                    ),
                    Move(
                        2705,
                    ),
                    Move(
                        17367,
                    ),
                    Move(
                        14534,
                    ),
                ],
                occupied: BitBoard(
                    5213760993636334336,
                ),
                owned: BitBoard(
                    0,
                ),
            },
            white: PlayerState {
                hand: PieceList(
                    1364,
                ),
                move_list: [
                    Move(
                        352,
                    ),
                    Move(
                        16151,
                    ),
                    Move(
                        9443,
                    ),
                    Move(
                        25771,
                    ),
                    Move(
                        19785,
                    ),
                    Move(
                        13317,
                    ),
                    Move(
                        801,
                    ),
                ],
                occupied: BitBoard(
                    1212203357224964,
                ),
                owned: BitBoard(
                    0,
                ),
            },
            boss: BitBoard(
                25872046080,
            ),
            rays: Rays {
                s: BitBoard(
                    0,
                ),
                w: BitBoard(
                    0,
                ),
                n: BitBoard(
                    0,
                ),
                e: BitBoard(
                    0,
                ),
            },
        },
        hash: 13280412812747584189,
        capture_flag: false,
    },
    State {
        current: Black,
        board: Board {
            black: PlayerState {
                hand: PieceList(
                    2820,
                ),
                move_list: [
                    Move(
                        160,
                    ),
                    Move(
                        15749,
                    ),
                    Move(
                        24394,
                    ),
                    Move(
                        9844,
                    ),
                    Move(
                        9715,
                    ),
                    Move(
                        2705,
                    ),
                    Move(
                        17367,
                    ),
                    Move(
                        14534,
                    ),
                ],
                occupied: BitBoard(
                    5213760993636334336,
                ),
                owned: BitBoard(
                    0,
                ),
            },
            white: PlayerState {
                hand: PieceList(
                    1300,
                ),
                move_list: [
                    Move(
                        352,
                    ),
                    Move(
                        16151,
                    ),
                    Move(
                        9443,
                    ),
                    Move(
                        25771,
                    ),
                    Move(
                        19785,
                    ),
                    Move(
                        13317,
                    ),
                    Move(
                        801,
                    ),
                    Move(
                        13686,
                    ),
                ],
                occupied: BitBoard(
                    1212203357225012,
                ),
                owned: BitBoard(
                    0,
                ),
            },
            boss: BitBoard(
                25872046080,
            ),
            rays: Rays {
                s: BitBoard(
                    0,
                ),
                w: BitBoard(
                    0,
                ),
                n: BitBoard(
                    0,
                ),
                e: BitBoard(
                    0,
                ),
            },
        },
        hash: 9453837405811992771,
        capture_flag: false,
    },
    State {
        current: White,
        board: Board {
            black: PlayerState {
                hand: PieceList(
                    772,
                ),
                move_list: [
                    Move(
                        160,
                    ),
                    Move(
                        15749,
                    ),
                    Move(
                        24394,
                    ),
                    Move(
                        9844,
                    ),
                    Move(
                        9715,
                    ),
                    Move(
                        2705,
                    ),
                    Move(
                        17367,
                    ),
                    Move(
                        14534,
                    ),
                    Move(
                        25675,
                    ),
                ],
                occupied: BitBoard(
                    5213761546613373696,
                ),
                owned: BitBoard(
                    0,
                ),
            },
            white: PlayerState {
                hand: PieceList(
                    1300,
                ),
                move_list: [
                    Move(
                        352,
                    ),
                    Move(
                        16151,
                    ),
                    Move(
                        9443,
                    ),
                    Move(
                        25771,
                    ),
                    Move(
                        19785,
                    ),
                    Move(
                        13317,
                    ),
                    Move(
                        801,
                    ),
                    Move(
                        13686,
                    ),
                ],
                occupied: BitBoard(
                    1212203357225012,
                ),
                owned: BitBoard(
                    0,
                ),
            },
            boss: BitBoard(
                25872046080,
            ),
            rays: Rays {
                s: BitBoard(
                    0,
                ),
                w: BitBoard(
                    0,
                ),
                n: BitBoard(
                    0,
                ),
                e: BitBoard(
                    0,
                ),
            },
        },
        hash: 16285288368424191595,
        capture_flag: false,
    },
    State {
        current: Black,
        board: Board {
            black: PlayerState {
                hand: PieceList(
                    772,
                ),
                move_list: [
                    Move(
                        160,
                    ),
                    Move(
                        15749,
                    ),
                    Move(
                        24394,
                    ),
                    Move(
                        9844,
                    ),
                    Move(
                        9715,
                    ),
                    Move(
                        2705,
                    ),
                    Move(
                        17367,
                    ),
                    Move(
                        14534,
                    ),
                    Move(
                        25675,
                    ),
                ],
                occupied: BitBoard(
                    5213761546613373696,
                ),
                owned: BitBoard(
                    0,
                ),
            },
            white: PlayerState {
                hand: PieceList(
                    1284,
                ),
                move_list: [
                    Move(
                        352,
                    ),
                    Move(
                        16151,
                    ),
                    Move(
                        9443,
                    ),
                    Move(
                        25771,
                    ),
                    Move(
                        19785,
                    ),
                    Move(
                        13317,
                    ),
                    Move(
                        801,
                    ),
                    Move(
                        13686,
                    ),
                    Move(
                        10356,
                    ),
                ],
                occupied: BitBoard(
                    1264979915358260,
                ),
                owned: BitBoard(
                    0,
                ),
            },
            boss: BitBoard(
                25872046080,
            ),
            rays: Rays {
                s: BitBoard(
                    0,
                ),
                w: BitBoard(
                    0,
                ),
                n: BitBoard(
                    0,
                ),
                e: BitBoard(
                    0,
                ),
            },
        },
        hash: 17296864062339011950,
        capture_flag: false,
    },
    State {
        current: White,
        board: Board {
            black: PlayerState {
                hand: PieceList(
                    260,
                ),
                move_list: [
                    Move(
                        160,
                    ),
                    Move(
                        15749,
                    ),
                    Move(
                        24394,
                    ),
                    Move(
                        9844,
                    ),
                    Move(
                        9715,
                    ),
                    Move(
                        2705,
                    ),
                    Move(
                        17367,
                    ),
                    Move(
                        14534,
                    ),
                    Move(
                        25675,
                    ),
                    Move(
                        20601,
                    ),
                ],
                occupied: BitBoard(
                    8681533259688655616,
                ),
                owned: BitBoard(
                    0,
                ),
            },
            white: PlayerState {
                hand: PieceList(
                    1284,
                ),
                move_list: [
                    Move(
                        352,
                    ),
                    Move(
                        16151,
                    ),
                    Move(
                        9443,
                    ),
                    Move(
                        25771,
                    ),
                    Move(
                        19785,
                    ),
                    Move(
                        13317,
                    ),
                    Move(
                        801,
                    ),
                    Move(
                        13686,
                    ),
                    Move(
                        10356,
                    ),
                ],
                occupied: BitBoard(
                    1264979915358260,
                ),
                owned: BitBoard(
                    0,
                ),
            },
            boss: BitBoard(
                25872046080,
            ),
            rays: Rays {
                s: BitBoard(
                    0,
                ),
                w: BitBoard(
                    0,
                ),
                n: BitBoard(
                    0,
                ),
                e: BitBoard(
                    0,
                ),
            },
        },
        hash: 7839370234686430214,
        capture_flag: false,
    },
]
