---
source: tests/game.rs
expression: history
---
[
    State {
        current: Black,
        board: Board {
            black: PlayerState {
                hand: PieceList(
                    4095,
                ),
                move_list: [],
                occupied: BitBoard(
                    0,
                ),
                owned: BitBoard(
                    0,
                ),
            },
            white: PlayerState {
                hand: PieceList(
                    4095,
                ),
                move_list: [],
                occupied: BitBoard(
                    0,
                ),
                owned: BitBoard(
                    0,
                ),
            },
            boss: BitBoard(
                0,
            ),
            rays: Rays {
                s: BitBoard(
                    0,
                ),
                w: BitBoard(
                    0,
                ),
                n: BitBoard(
                    0,
                ),
                e: BitBoard(
                    0,
                ),
            },
        },
        hash: 0,
        capture_flag: false,
    },
    State {
        current: White,
        board: Board {
            black: PlayerState {
                hand: PieceList(
                    4094,
                ),
                move_list: [
                    Move(
                        544,
                    ),
                ],
                occupied: BitBoard(
                    847723465015296,
                ),
                owned: BitBoard(
                    0,
                ),
            },
            white: PlayerState {
                hand: PieceList(
                    4095,
                ),
                move_list: [],
                occupied: BitBoard(
                    0,
                ),
                owned: BitBoard(
                    0,
                ),
            },
            boss: BitBoard(
                847723465015296,
            ),
            rays: Rays {
                s: BitBoard(
                    0,
                ),
                w: BitBoard(
                    0,
                ),
                n: BitBoard(
                    0,
                ),
                e: BitBoard(
                    0,
                ),
            },
        },
        hash: 18223537927370505983,
        capture_flag: false,
    },
    State {
        current: Black,
        board: Board {
            black: PlayerState {
                hand: PieceList(
                    4094,
                ),
                move_list: [
                    Move(
                        544,
                    ),
                ],
                occupied: BitBoard(
                    847723465015296,
                ),
                owned: BitBoard(
                    0,
                ),
            },
            white: PlayerState {
                hand: PieceList(
                    4094,
                ),
                move_list: [
                    Move(
                        256,
                    ),
                ],
                occupied: BitBoard(
                    202113024,
                ),
                owned: BitBoard(
                    0,
                ),
            },
            boss: BitBoard(
                847723667128320,
            ),
            rays: Rays {
                s: BitBoard(
                    0,
                ),
                w: BitBoard(
                    0,
                ),
                n: BitBoard(
                    0,
                ),
                e: BitBoard(
                    0,
                ),
            },
        },
        hash: 2574906838960643479,
        capture_flag: false,
    },
    State {
        current: White,
        board: Board {
            black: PlayerState {
                hand: PieceList(
                    4062,
                ),
                move_list: [
                    Move(
                        544,
                    ),
                    Move(
                        12869,
                    ),
                ],
                occupied: BitBoard(
                    847723465015553,
                ),
                owned: BitBoard(
                    0,
                ),
            },
            white: PlayerState {
                hand: PieceList(
                    4094,
                ),
                move_list: [
                    Move(
                        256,
                    ),
                ],
                occupied: BitBoard(
                    202113024,
                ),
                owned: BitBoard(
                    0,
                ),
            },
            boss: BitBoard(
                847723667128320,
            ),
            rays: Rays {
                s: BitBoard(
                    0,
                ),
                w: BitBoard(
                    0,
                ),
                n: BitBoard(
                    0,
                ),
                e: BitBoard(
                    0,
                ),
            },
        },
        hash: 12185048888884217041,
        capture_flag: false,
    },
    State {
        current: Black,
        board: Board {
            black: PlayerState {
                hand: PieceList(
                    4062,
                ),
                move_list: [
                    Move(
                        544,
                    ),
                    Move(
                        12869,
                    ),
                ],
                occupied: BitBoard(
                    847723465015553,
                ),
                owned: BitBoard(
                    0,
                ),
            },
            white: PlayerState {
                hand: PieceList(
                    4078,
                ),
                move_list: [
                    Move(
                        256,
                    ),
                    Move(
                        12020,
                    ),
                ],
                occupied: BitBoard(
                    1729382257112383488,
                ),
                owned: BitBoard(
                    0,
                ),
            },
            boss: BitBoard(
                847723667128320,
            ),
            rays: Rays {
                s: BitBoard(
                    0,
                ),
                w: BitBoard(
                    0,
                ),
                n: BitBoard(
                    0,
                ),
                e: BitBoard(
                    0,
                ),
            },
        },
        hash: 2068451689321275075,
        capture_flag: false,
    },
    State {
        current: White,
        board: Board {
            black: PlayerState {
                hand: PieceList(
                    4058,
                ),
                move_list: [
                    Move(
                        544,
                    ),
                    Move(
                        12869,
                    ),
                    Move(
                        5858,
                    ),
                ],
                occupied: BitBoard(
                    1111606255681793,
                ),
                owned: BitBoard(
                    0,
                ),
            },
            white: PlayerState {
                hand: PieceList(
                    4078,
                ),
                move_list: [
                    Move(
                        256,
                    ),
                    Move(
                        12020,
                    ),
                ],
                occupied: BitBoard(
                    1729382257112383488,
                ),
                owned: BitBoard(
                    0,
                ),
            },
            boss: BitBoard(
                847723667128320,
            ),
            rays: Rays {
                s: BitBoard(
                    0,
                ),
                w: BitBoard(
                    0,
                ),
                n: BitBoard(
                    0,
                ),
                e: BitBoard(
                    0,
                ),
            },
        },
        hash: 14079133647892602618,
        capture_flag: false,
    },
    State {
        current: Black,
        board: Board {
            black: PlayerState {
                hand: PieceList(
                    4058,
                ),
                move_list: [
                    Move(
                        544,
                    ),
                    Move(
                        12869,
                    ),
                    Move(
                        5858,
                    ),
                ],
                occupied: BitBoard(
                    1111606255681793,
                ),
                owned: BitBoard(
                    0,
                ),
            },
            white: PlayerState {
                hand: PieceList(
                    4070,
                ),
                move_list: [
                    Move(
                        256,
                    ),
                    Move(
                        12020,
                    ),
                    Move(
                        7331,
                    ),
                ],
                occupied: BitBoard(
                    1742893055994494976,
                ),
                owned: BitBoard(
                    0,
                ),
            },
            boss: BitBoard(
                847723667128320,
            ),
            rays: Rays {
                s: BitBoard(
                    0,
                ),
                w: BitBoard(
                    0,
                ),
                n: BitBoard(
                    0,
                ),
                e: BitBoard(
                    0,
                ),
            },
        },
        hash: 11067916579541224985,
        capture_flag: false,
    },
    State {
        current: White,
        board: Board {
            black: PlayerState {
                hand: PieceList(
                    3994,
                ),
                move_list: [
                    Move(
                        544,
                    ),
                    Move(
                        12869,
                    ),
                    Move(
                        5858,
                    ),
                    Move(
                        15238,
                    ),
                ],
                occupied: BitBoard(
                    1111606255681841,
                ),
                owned: BitBoard(
                    0,
                ),
            },
            white: PlayerState {
                hand: PieceList(
                    4070,
                ),
                move_list: [
                    Move(
                        256,
                    ),
                    Move(
                        12020,
                    ),
                    Move(
                        7331,
                    ),
                ],
                occupied: BitBoard(
                    1742893055994494976,
                ),
                owned: BitBoard(
                    0,
                ),
            },
            boss: BitBoard(
                847723667128320,
            ),
            rays: Rays {
                s: BitBoard(
                    0,
                ),
                w: BitBoard(
                    0,
                ),
                n: BitBoard(
                    0,
                ),
                e: BitBoard(
                    0,
                ),
            },
        },
        hash: 14780033912554836451,
        capture_flag: false,
    },
    State {
        current: Black,
        board: Board {
            black: PlayerState {
                hand: PieceList(
                    3994,
                ),
                move_list: [
                    Move(
                        544,
                    ),
                    Move(
                        12869,
                    ),
                    Move(
                        5858,
                    ),
                    Move(
                        15238,
                    ),
                ],
                occupied: BitBoard(
                    1111606255681841,
                ),
                owned: BitBoard(
                    0,
                ),
            },
            white: PlayerState {
                hand: PieceList(
                    4068,
                ),
                move_list: [
                    Move(
                        256,
                    ),
                    Move(
                        12020,
                    ),
                    Move(
                        7331,
                    ),
                    Move(
                        3297,
                    ),
                ],
                occupied: BitBoard(
                    1760907454503976960,
                ),
                owned: BitBoard(
                    0,
                ),
            },
            boss: BitBoard(
                847723667128320,
            ),
            rays: Rays {
                s: BitBoard(
                    0,
                ),
                w: BitBoard(
                    0,
                ),
                n: BitBoard(
                    0,
                ),
                e: BitBoard(
                    0,
                ),
            },
        },
        hash: 17674681602767940304,
        capture_flag: false,
    },
    State {
        current: White,
        board: Board {
            black: PlayerState {
                hand: PieceList(
                    3986,
                ),
                move_list: [
                    Move(
                        544,
                    ),
                    Move(
                        12869,
                    ),
                    Move(
                        5858,
                    ),
                    Move(
                        15238,
                    ),
                    Move(
                        9251,
                    ),
                ],
                occupied: BitBoard(
                    1111606794649905,
                ),
                owned: BitBoard(
                    0,
                ),
            },
            white: PlayerState {
                hand: PieceList(
                    4068,
                ),
                move_list: [
                    Move(
                        256,
                    ),
                    Move(
                        12020,
                    ),
                    Move(
                        7331,
                    ),
                    Move(
                        3297,
                    ),
                ],
                occupied: BitBoard(
                    1760907454503976960,
                ),
                owned: BitBoard(
                    0,
                ),
            },
            boss: BitBoard(
                847723667128320,
            ),
            rays: Rays {
                s: BitBoard(
                    0,
                ),
                w: BitBoard(
                    0,
                ),
                n: BitBoard(
                    0,
                ),
                e: BitBoard(
                    0,
                ),
            },
        },
        hash: 4973095491479789294,
        capture_flag: false,
    },
    State {
        current: Black,
        board: Board {
            black: PlayerState {
                hand: PieceList(
                    3986,
                ),
                move_list: [
                    Move(
                        544,
                    ),
                    Move(
                        12869,
                    ),
                    Move(
                        5858,
                    ),
                    Move(
                        15238,
                    ),
                    Move(
                        9251,
                    ),
                ],
                occupied: BitBoard(
                    1111606794649905,
                ),
                owned: BitBoard(
                    0,
                ),
            },
            white: PlayerState {
                hand: PieceList(
                    4036,
                ),
                move_list: [
                    Move(
                        256,
                    ),
                    Move(
                        12020,
                    ),
                    Move(
                        7331,
                    ),
                    Move(
                        3297,
                    ),
                    Move(
                        14421,
                    ),
                ],
                occupied: BitBoard(
                    1760907454504108544,
                ),
                owned: BitBoard(
                    0,
                ),
            },
            boss: BitBoard(
                847723667128320,
            ),
            rays: Rays {
                s: BitBoard(
                    0,
                ),
                w: BitBoard(
                    0,
                ),
                n: BitBoard(
                    0,
                ),
                e: BitBoard(
                    0,
                ),
            },
        },
        hash: 14927581880716847116,
        capture_flag: false,
    },
    State {
        current: White,
        board: Board {
            black: PlayerState {
                hand: PieceList(
                    2962,
                ),
                move_list: [
                    Move(
                        544,
                    ),
                    Move(
                        12869,
                    ),
                    Move(
                        5858,
                    ),
                    Move(
                        15238,
                    ),
                    Move(
                        9251,
                    ),
                    Move(
                        23210,
                    ),
                ],
                occupied: BitBoard(
                    1111610020069681,
                ),
                owned: BitBoard(
                    0,
                ),
            },
            white: PlayerState {
                hand: PieceList(
                    4036,
                ),
                move_list: [
                    Move(
                        256,
                    ),
                    Move(
                        12020,
                    ),
                    Move(
                        7331,
                    ),
                    Move(
                        3297,
                    ),
                    Move(
                        14421,
                    ),
                ],
                occupied: BitBoard(
                    1760907454504108544,
                ),
                owned: BitBoard(
                    0,
                ),
            },
            boss: BitBoard(
                847723667128320,
            ),
            rays: Rays {
                s: BitBoard(
                    0,
                ),
                w: BitBoard(
                    0,
                ),
                n: BitBoard(
                    0,
                ),
                e: BitBoard(
                    0,
                ),
            },
        },
        hash: 9250638666471944529,
        capture_flag: false,
    },
    State {
        current: Black,
        board: Board {
            black: PlayerState {
                hand: PieceList(
                    2962,
                ),
                move_list: [
                    Move(
                        544,
                    ),
                    Move(
                        12869,
                    ),
                    Move(
                        5858,
                    ),
                    Move(
                        15238,
                    ),
                    Move(
                        9251,
                    ),
                    Move(
                        23210,
                    ),
                ],
                occupied: BitBoard(
                    1111610020069681,
                ),
                owned: BitBoard(
                    0,
                ),
            },
            white: PlayerState {
                hand: PieceList(
                    1988,
                ),
                move_list: [
                    Move(
                        256,
                    ),
                    Move(
                        12020,
                    ),
                    Move(
                        7331,
                    ),
                    Move(
                        3297,
                    ),
                    Move(
                        14421,
                    ),
                    Move(
                        25163,
                    ),
                ],
                occupied: BitBoard(
                    2052515530376348160,
                ),
                owned: BitBoard(
                    0,
                ),
            },
            boss: BitBoard(
                847723667128320,
            ),
            rays: Rays {
                s: BitBoard(
                    0,
                ),
                w: BitBoard(
                    0,
                ),
                n: BitBoard(
                    0,
                ),
                e: BitBoard(
                    0,
                ),
            },
        },
        hash: 3565811722731070416,
        capture_flag: false,
    },
    State {
        current: White,
        board: Board {
            black: PlayerState {
                hand: PieceList(
                    914,
                ),
                move_list: [
                    Move(
                        544,
                    ),
                    Move(
                        12869,
                    ),
                    Move(
                        5858,
                    ),
                    Move(
                        15238,
                    ),
                    Move(
                        9251,
                    ),
                    Move(
                        23210,
                    ),
                    Move(
                        27035,
                    ),
                ],
                occupied: BitBoard(
                    1111610070466865,
                ),
                owned: BitBoard(
                    0,
                ),
            },
            white: PlayerState {
                hand: PieceList(
                    1988,
                ),
                move_list: [
                    Move(
                        256,
                    ),
                    Move(
                        12020,
                    ),
                    Move(
                        7331,
                    ),
                    Move(
                        3297,
                    ),
                    Move(
                        14421,
                    ),
                    Move(
                        25163,
                    ),
                ],
                occupied: BitBoard(
                    2052515530376348160,
                ),
                owned: BitBoard(
                    0,
                ),
            },
            boss: BitBoard(
                847723667128320,
            ),
            rays: Rays {
                s: BitBoard(
                    0,
                ),
                w: BitBoard(
                    0,
                ),
                n: BitBoard(
                    0,
                ),
                e: BitBoard(
                    0,
                ),
            },
        },
        hash: 3228379916114434983,
        capture_flag: false,
    },
    State {
        current: Black,
        board: Board {
            black: PlayerState {
                hand: PieceList(
                    914,
                ),
                move_list: [
                    Move(
                        544,
                    ),
                    Move(
                        12869,
                    ),
                    Move(
                        5858,
                    ),
                    Move(
                        15238,
                    ),
                    Move(
                        9251,
                    ),
                    Move(
                        23210,
                    ),
                    Move(
                        27035,
                    ),
                ],
                occupied: BitBoard(
                    1111610070466865,
                ),
                owned: BitBoard(
                    0,
                ),
            },
            white: PlayerState {
                hand: PieceList(
                    1924,
                ),
                move_list: [
                    Move(
                        256,
                    ),
                    Move(
                        12020,
                    ),
                    Move(
                        7331,
                    ),
                    Move(
                        3297,
                    ),
                    Move(
                        14421,
                    ),
                    Move(
                        25163,
                    ),
                    Move(
                        13814,
                    ),
                ],
                occupied: BitBoard(
                    2052515530376397312,
                ),
                owned: BitBoard(
                    0,
                ),
            },
            boss: BitBoard(
                847723667128320,
            ),
            rays: Rays {
                s: BitBoard(
                    0,
                ),
                w: BitBoard(
                    0,
                ),
                n: BitBoard(
                    0,
                ),
                e: BitBoard(
                    0,
                ),
            },
        },
        hash: 11724331851824179430,
        capture_flag: false,
    },
    State {
        current: White,
        board: Board {
            black: PlayerState {
                hand: PieceList(
                    912,
                ),
                move_list: [
                    Move(
                        544,
                    ),
                    Move(
                        12869,
                    ),
                    Move(
                        5858,
                    ),
                    Move(
                        15238,
                    ),
                    Move(
                        9251,
                    ),
                    Move(
                        23210,
                    ),
                    Move(
                        27035,
                    ),
                    Move(
                        1825,
                    ),
                ],
                occupied: BitBoard(
                    1111610070470961,
                ),
                owned: BitBoard(
                    0,
                ),
            },
            white: PlayerState {
                hand: PieceList(
                    1924,
                ),
                move_list: [
                    Move(
                        256,
                    ),
                    Move(
                        12020,
                    ),
                    Move(
                        7331,
                    ),
                    Move(
                        3297,
                    ),
                    Move(
                        14421,
                    ),
                    Move(
                        25163,
                    ),
                    Move(
                        13814,
                    ),
                ],
                occupied: BitBoard(
                    2052515530376397312,
                ),
                owned: BitBoard(
                    0,
                ),
            },
            boss: BitBoard(
                847723667128320,
            ),
            rays: Rays {
                s: BitBoard(
                    0,
                ),
                w: BitBoard(
                    0,
                ),
                n: BitBoard(
                    0,
                ),
                e: BitBoard(
                    0,
                ),
            },
        },
        hash: 1952845940186488714,
        capture_flag: false,
    },
    State {
        current: Black,
        board: Board {
            black: PlayerState {
                hand: PieceList(
                    912,
                ),
                move_list: [
                    Move(
                        544,
                    ),
                    Move(
                        12869,
                    ),
                    Move(
                        5858,
                    ),
                    Move(
                        15238,
                    ),
                    Move(
                        9251,
                    ),
                    Move(
                        23210,
                    ),
                    Move(
                        27035,
                    ),
                    Move(
                        1825,
                    ),
                ],
                occupied: BitBoard(
                    1111610070470961,
                ),
                owned: BitBoard(
                    0,
                ),
            },
            white: PlayerState {
                hand: PieceList(
                    1796,
                ),
                move_list: [
                    Move(
                        256,
                    ),
                    Move(
                        12020,
                    ),
                    Move(
                        7331,
                    ),
                    Move(
                        3297,
                    ),
                    Move(
                        14421,
                    ),
                    Move(
                        25163,
                    ),
                    Move(
                        13814,
                    ),
                    Move(
                        17655,
                    ),
                ],
                occupied: BitBoard(
                    2052528741695799808,
                ),
                owned: BitBoard(
                    0,
                ),
            },
            boss: BitBoard(
                847723667128320,
            ),
            rays: Rays {
                s: BitBoard(
                    0,
                ),
                w: BitBoard(
                    0,
                ),
                n: BitBoard(
                    0,
                ),
                e: BitBoard(
                    0,
                ),
            },
        },
        hash: 5397454085930287579,
        capture_flag: false,
    },
    State {
        current: White,
        board: Board {
            black: PlayerState {
                hand: PieceList(
                    400,
                ),
                move_list: [
                    Move(
                        544,
                    ),
                    Move(
                        12869,
                    ),
                    Move(
                        5858,
                    ),
                    Move(
                        15238,
                    ),
                    Move(
                        9251,
                    ),
                    Move(
                        23210,
                    ),
                    Move(
                        27035,
                    ),
                    Move(
                        1825,
                    ),
                    Move(
                        21001,
                    ),
                ],
                occupied: BitBoard(
                    1111816497336625,
                ),
                owned: BitBoard(
                    264917615640576,
                ),
            },
            white: PlayerState {
                hand: PieceList(
                    1796,
                ),
                move_list: [
                    Move(
                        256,
                    ),
                    Move(
                        12020,
                    ),
                    Move(
                        7331,
                    ),
                    Move(
                        3297,
                    ),
                    Move(
                        14421,
                    ),
                    Move(
                        25163,
                    ),
                    Move(
                        13814,
                    ),
                    Move(
                        17655,
                    ),
                ],
                occupied: BitBoard(
                    2052528741695799808,
                ),
                owned: BitBoard(
                    0,
                ),
            },
            boss: BitBoard(
                847723667128320,
            ),
            rays: Rays {
                s: BitBoard(
                    0,
                ),
                w: BitBoard(
                    0,
                ),
                n: BitBoard(
                    0,
                ),
                e: BitBoard(
                    0,
                ),
            },
        },
        hash: 18302307117414639530,
        capture_flag: false,
    },
    State {
        current: Black,
        board: Board {
            black: PlayerState {
                hand: PieceList(
                    400,
                ),
                move_list: [
                    Move(
                        544,
                    ),
                    Move(
                        12869,
                    ),
                    Move(
                        5858,
                    ),
                    Move(
                        15238,
                    ),
                    Move(
                        9251,
                    ),
                    Move(
                        23210,
                    ),
                    Move(
                        27035,
                    ),
                    Move(
                        1825,
                    ),
                    Move(
                        21001,
                    ),
                ],
                occupied: BitBoard(
                    1111816497336625,
                ),
                owned: BitBoard(
                    264917615640576,
                ),
            },
            white: PlayerState {
                hand: PieceList(
                    772,
                ),
                move_list: [
                    Move(
                        256,
                    ),
                    Move(
                        12020,
                    ),
                    Move(
                        7331,
                    ),
                    Move(
                        3297,
                    ),
                    Move(
                        14421,
                    ),
                    Move(
                        25163,
                    ),
                    Move(
                        13814,
                    ),
                    Move(
                        17655,
                    ),
                    Move(
                        22874,
                    ),
                ],
                occupied: BitBoard(
                    15923615593996927488,
                ),
                owned: BitBoard(
                    18229458603210572288,
                ),
            },
            boss: BitBoard(
                847723667128320,
            ),
            rays: Rays {
                s: BitBoard(
                    0,
                ),
                w: BitBoard(
                    0,
                ),
                n: BitBoard(
                    0,
                ),
                e: BitBoard(
                    0,
                ),
            },
        },
        hash: 7013817543796471933,
        capture_flag: false,
    },
    State {
        current: White,
        board: Board {
            black: PlayerState {
                hand: PieceList(
                    272,
                ),
                move_list: [
                    Move(
                        544,
                    ),
                    Move(
                        12869,
                    ),
                    Move(
                        5858,
                    ),
                    Move(
                        15238,
                    ),
                    Move(
                        9251,
                    ),
                    Move(
                        23210,
                    ),
                    Move(
                        27035,
                    ),
                    Move(
                        1825,
                    ),
                    Move(
                        21001,
                    ),
                    Move(
                        15975,
                    ),
                ],
                occupied: BitBoard(
                    1111816497338685,
                ),
                owned: BitBoard(
                    264917615640576,
                ),
            },
            white: PlayerState {
                hand: PieceList(
                    772,
                ),
                move_list: [
                    Move(
                        256,
                    ),
                    Move(
                        12020,
                    ),
                    Move(
                        7331,
                    ),
                    Move(
                        3297,
                    ),
                    Move(
                        14421,
                    ),
                    Move(
                        25163,
                    ),
                    Move(
                        13814,
                    ),
                    Move(
                        17655,
                    ),
                    Move(
                        22874,
                    ),
                ],
                occupied: BitBoard(
                    15923615593996927488,
                ),
                owned: BitBoard(
                    18229458603210572288,
                ),
            },
            boss: BitBoard(
                847723667128320,
            ),
            rays: Rays {
                s: BitBoard(
                    0,
                ),
                w: BitBoard(
                    0,
                ),
                n: BitBoard(
                    0,
                ),
                e: BitBoard(
                    0,
                ),
            },
        },
        hash: 17644215520126936561,
        capture_flag: false,
    },
]
