---
source: tests/game.rs
expression: history
---
[
    State {
        current: Black,
        board: Board {
            black: PlayerState {
                hand: PieceList(
                    4095,
                ),
                move_list: [],
                occupied: BitBoard(
                    0,
                ),
                owned: BitBoard(
                    0,
                ),
            },
            white: PlayerState {
                hand: PieceList(
                    4095,
                ),
                move_list: [],
                occupied: BitBoard(
                    0,
                ),
                owned: BitBoard(
                    0,
                ),
            },
            boss: BitBoard(
                0,
            ),
            rays: Rays {
                s: BitBoard(
                    0,
                ),
                w: BitBoard(
                    0,
                ),
                n: BitBoard(
                    0,
                ),
                e: BitBoard(
                    0,
                ),
            },
        },
        hash: 0,
        capture_flag: false,
    },
    State {
        current: White,
        board: Board {
            black: PlayerState {
                hand: PieceList(
                    4094,
                ),
                move_list: [
                    Move(
                        0,
                    ),
                ],
                occupied: BitBoard(
                    771,
                ),
                owned: BitBoard(
                    0,
                ),
            },
            white: PlayerState {
                hand: PieceList(
                    4095,
                ),
                move_list: [],
                occupied: BitBoard(
                    0,
                ),
                owned: BitBoard(
                    0,
                ),
            },
            boss: BitBoard(
                771,
            ),
            rays: Rays {
                s: BitBoard(
                    0,
                ),
                w: BitBoard(
                    0,
                ),
                n: BitBoard(
                    0,
                ),
                e: BitBoard(
                    0,
                ),
            },
        },
        hash: 1298857141790524446,
        capture_flag: false,
    },
    State {
        current: Black,
        board: Board {
            black: PlayerState {
                hand: PieceList(
                    4094,
                ),
                move_list: [
                    Move(
                        0,
                    ),
                ],
                occupied: BitBoard(
                    771,
                ),
                owned: BitBoard(
                    0,
                ),
            },
            white: PlayerState {
                hand: PieceList(
                    4094,
                ),
                move_list: [
                    Move(
                        544,
                    ),
                ],
                occupied: BitBoard(
                    847723465015296,
                ),
                owned: BitBoard(
                    0,
                ),
            },
            boss: BitBoard(
                847723465016067,
            ),
            rays: Rays {
                s: BitBoard(
                    0,
                ),
                w: BitBoard(
                    0,
                ),
                n: BitBoard(
                    0,
                ),
                e: BitBoard(
                    0,
                ),
            },
        },
        hash: 9502540454010330653,
        capture_flag: false,
    },
    State {
        current: White,
        board: Board {
            black: PlayerState {
                hand: PieceList(
                    3070,
                ),
                move_list: [
                    Move(
                        0,
                    ),
                    Move(
                        24106,
                    ),
                ],
                occupied: BitBoard(
                    278099133187,
                ),
                owned: BitBoard(
                    0,
                ),
            },
            white: PlayerState {
                hand: PieceList(
                    4094,
                ),
                move_list: [
                    Move(
                        544,
                    ),
                ],
                occupied: BitBoard(
                    847723465015296,
                ),
                owned: BitBoard(
                    0,
                ),
            },
            boss: BitBoard(
                847723465016067,
            ),
            rays: Rays {
                s: BitBoard(
                    0,
                ),
                w: BitBoard(
                    0,
                ),
                n: BitBoard(
                    0,
                ),
                e: BitBoard(
                    0,
                ),
            },
        },
        hash: 1920350953724373287,
        capture_flag: false,
    },
    State {
        current: Black,
        board: Board {
            black: PlayerState {
                hand: PieceList(
                    3070,
                ),
                move_list: [
                    Move(
                        0,
                    ),
                    Move(
                        24106,
                    ),
                ],
                occupied: BitBoard(
                    278099133187,
                ),
                owned: BitBoard(
                    0,
                ),
            },
            white: PlayerState {
                hand: PieceList(
                    4078,
                ),
                move_list: [
                    Move(
                        544,
                    ),
                    Move(
                        11204,
                    ),
                ],
                occupied: BitBoard(
                    290203999523569664,
                ),
                owned: BitBoard(
                    506376781637353472,
                ),
            },
            boss: BitBoard(
                847723465016067,
            ),
            rays: Rays {
                s: BitBoard(
                    0,
                ),
                w: BitBoard(
                    0,
                ),
                n: BitBoard(
                    0,
                ),
                e: BitBoard(
                    0,
                ),
            },
        },
        hash: 18133564151034135474,
        capture_flag: false,
    },
    State {
        current: White,
        board: Board {
            black: PlayerState {
                hand: PieceList(
                    3062,
                ),
                move_list: [
                    Move(
                        0,
                    ),
                    Move(
                        24106,
                    ),
                    Move(
                        6931,
                    ),
                ],
                occupied: BitBoard(
                    278149464835,
                ),
                owned: BitBoard(
                    0,
                ),
            },
            white: PlayerState {
                hand: PieceList(
                    4078,
                ),
                move_list: [
                    Move(
                        544,
                    ),
                    Move(
                        11204,
                    ),
                ],
                occupied: BitBoard(
                    290203999523569664,
                ),
                owned: BitBoard(
                    506376781637353472,
                ),
            },
            boss: BitBoard(
                847723465016067,
            ),
            rays: Rays {
                s: BitBoard(
                    0,
                ),
                w: BitBoard(
                    0,
                ),
                n: BitBoard(
                    0,
                ),
                e: BitBoard(
                    0,
                ),
            },
        },
        hash: 3591289324642082876,
        capture_flag: false,
    },
    State {
        current: Black,
        board: Board {
            black: PlayerState {
                hand: PieceList(
                    3062,
                ),
                move_list: [
                    Move(
                        0,
                    ),
                    Move(
                        24106,
                    ),
                    Move(
                        6931,
                    ),
                ],
                occupied: BitBoard(
                    278149464835,
                ),
                owned: BitBoard(
                    0,
                ),
            },
            white: PlayerState {
                hand: PieceList(
                    4074,
                ),
                move_list: [
                    Move(
                        544,
                    ),
                    Move(
                        11204,
                    ),
                    Move(
                        6450,
                    ),
                ],
                occupied: BitBoard(
                    299246521126223872,
                ),
                owned: BitBoard(
                    506376781637353472,
                ),
            },
            boss: BitBoard(
                847723465016067,
            ),
            rays: Rays {
                s: BitBoard(
                    0,
                ),
                w: BitBoard(
                    0,
                ),
                n: BitBoard(
                    0,
                ),
                e: BitBoard(
                    0,
                ),
            },
        },
        hash: 10964001354663480088,
        capture_flag: false,
    },
    State {
        current: White,
        board: Board {
            black: PlayerState {
                hand: PieceList(
                    1014,
                ),
                move_list: [
                    Move(
                        0,
                    ),
                    Move(
                        24106,
                    ),
                    Move(
                        6931,
                    ),
                    Move(
                        26987,
                    ),
                ],
                occupied: BitBoard(
                    278152614659,
                ),
                owned: BitBoard(
                    0,
                ),
            },
            white: PlayerState {
                hand: PieceList(
                    4074,
                ),
                move_list: [
                    Move(
                        544,
                    ),
                    Move(
                        11204,
                    ),
                    Move(
                        6450,
                    ),
                ],
                occupied: BitBoard(
                    299246521126223872,
                ),
                owned: BitBoard(
                    506376781637353472,
                ),
            },
            boss: BitBoard(
                847723465016067,
            ),
            rays: Rays {
                s: BitBoard(
                    0,
                ),
                w: BitBoard(
                    0,
                ),
                n: BitBoard(
                    0,
                ),
                e: BitBoard(
                    0,
                ),
            },
        },
        hash: 13074834010986300875,
        capture_flag: false,
    },
    State {
        current: Black,
        board: Board {
            black: PlayerState {
                hand: PieceList(
                    1014,
                ),
                move_list: [
                    Move(
                        0,
                    ),
                    Move(
                        24106,
                    ),
                    Move(
                        6931,
                    ),
                    Move(
                        26987,
                    ),
                ],
                occupied: BitBoard(
                    278152614659,
                ),
                owned: BitBoard(
                    0,
                ),
            },
            white: PlayerState {
                hand: PieceList(
                    3946,
                ),
                move_list: [
                    Move(
                        544,
                    ),
                    Move(
                        11204,
                    ),
                    Move(
                        6450,
                    ),
                    Move(
                        17447,
                    ),
                ],
                occupied: BitBoard(
                    299246521529401344,
                ),
                owned: BitBoard(
                    506376781637353472,
                ),
            },
            boss: BitBoard(
                847723465016067,
            ),
            rays: Rays {
                s: BitBoard(
                    0,
                ),
                w: BitBoard(
                    0,
                ),
                n: BitBoard(
                    0,
                ),
                e: BitBoard(
                    0,
                ),
            },
        },
        hash: 7812741796537398336,
        capture_flag: false,
    },
    State {
        current: White,
        board: Board {
            black: PlayerState {
                hand: PieceList(
                    982,
                ),
                move_list: [
                    Move(
                        0,
                    ),
                    Move(
                        24106,
                    ),
                    Move(
                        6931,
                    ),
                    Move(
                        26987,
                    ),
                    Move(
                        15109,
                    ),
                ],
                occupied: BitBoard(
                    1157425382386832131,
                ),
                owned: BitBoard(
                    0,
                ),
            },
            white: PlayerState {
                hand: PieceList(
                    3946,
                ),
                move_list: [
                    Move(
                        544,
                    ),
                    Move(
                        11204,
                    ),
                    Move(
                        6450,
                    ),
                    Move(
                        17447,
                    ),
                ],
                occupied: BitBoard(
                    299246521529401344,
                ),
                owned: BitBoard(
                    506376781637353472,
                ),
            },
            boss: BitBoard(
                847723465016067,
            ),
            rays: Rays {
                s: BitBoard(
                    0,
                ),
                w: BitBoard(
                    0,
                ),
                n: BitBoard(
                    0,
                ),
                e: BitBoard(
                    0,
                ),
            },
        },
        hash: 10835885292654558313,
        capture_flag: false,
    },
    State {
        current: Black,
        board: Board {
            black: PlayerState {
                hand: PieceList(
                    982,
                ),
                move_list: [
                    Move(
                        0,
                    ),
                    Move(
                        24106,
                    ),
                    Move(
                        6931,
                    ),
                    Move(
                        26987,
                    ),
                    Move(
                        15109,
                    ),
                ],
                occupied: BitBoard(
                    1157425382386832131,
                ),
                owned: BitBoard(
                    0,
                ),
            },
            white: PlayerState {
                hand: PieceList(
                    3938,
                ),
                move_list: [
                    Move(
                        544,
                    ),
                    Move(
                        11204,
                    ),
                    Move(
                        6450,
                    ),
                    Move(
                        17447,
                    ),
                    Move(
                        9667,
                    ),
                ],
                occupied: BitBoard(
                    877959073646510080,
                ),
                owned: BitBoard(
                    1085089333754462208,
                ),
            },
            boss: BitBoard(
                847723465016067,
            ),
            rays: Rays {
                s: BitBoard(
                    0,
                ),
                w: BitBoard(
                    0,
                ),
                n: BitBoard(
                    0,
                ),
                e: BitBoard(
                    0,
                ),
            },
        },
        hash: 1351863101617132356,
        capture_flag: false,
    },
    State {
        current: White,
        board: Board {
            black: PlayerState {
                hand: PieceList(
                    918,
                ),
                move_list: [
                    Move(
                        0,
                    ),
                    Move(
                        24106,
                    ),
                    Move(
                        6931,
                    ),
                    Move(
                        26987,
                    ),
                    Move(
                        15109,
                    ),
                    Move(
                        13830,
                    ),
                ],
                occupied: BitBoard(
                    1157425382387225347,
                ),
                owned: BitBoard(
                    50791171,
                ),
            },
            white: PlayerState {
                hand: PieceList(
                    3938,
                ),
                move_list: [
                    Move(
                        544,
                    ),
                    Move(
                        11204,
                    ),
                    Move(
                        6450,
                    ),
                    Move(
                        17447,
                    ),
                    Move(
                        9667,
                    ),
                ],
                occupied: BitBoard(
                    877959073646510080,
                ),
                owned: BitBoard(
                    1085089333754462208,
                ),
            },
            boss: BitBoard(
                847723465016067,
            ),
            rays: Rays {
                s: BitBoard(
                    0,
                ),
                w: BitBoard(
                    0,
                ),
                n: BitBoard(
                    0,
                ),
                e: BitBoard(
                    0,
                ),
            },
        },
        hash: 12341128213171802155,
        capture_flag: false,
    },
    State {
        current: Black,
        board: Board {
            black: PlayerState {
                hand: PieceList(
                    918,
                ),
                move_list: [
                    Move(
                        0,
                    ),
                    Move(
                        24106,
                    ),
                    Move(
                        6931,
                    ),
                    Move(
                        26987,
                    ),
                    Move(
                        15109,
                    ),
                    Move(
                        13830,
                    ),
                ],
                occupied: BitBoard(
                    1157425382387225347,
                ),
                owned: BitBoard(
                    50791171,
                ),
            },
            white: PlayerState {
                hand: PieceList(
                    3906,
                ),
                move_list: [
                    Move(
                        544,
                    ),
                    Move(
                        11204,
                    ),
                    Move(
                        6450,
                    ),
                    Move(
                        17447,
                    ),
                    Move(
                        9667,
                    ),
                    Move(
                        13701,
                    ),
                ],
                occupied: BitBoard(
                    877959073646510176,
                ),
                owned: BitBoard(
                    1085089333754462208,
                ),
            },
            boss: BitBoard(
                847723465016067,
            ),
            rays: Rays {
                s: BitBoard(
                    0,
                ),
                w: BitBoard(
                    0,
                ),
                n: BitBoard(
                    0,
                ),
                e: BitBoard(
                    0,
                ),
            },
        },
        hash: 12158392127086930485,
        capture_flag: false,
    },
    State {
        current: White,
        board: Board {
            black: PlayerState {
                hand: PieceList(
                    790,
                ),
                move_list: [
                    Move(
                        0,
                    ),
                    Move(
                        24106,
                    ),
                    Move(
                        6931,
                    ),
                    Move(
                        26987,
                    ),
                    Move(
                        15109,
                    ),
                    Move(
                        13830,
                    ),
                    Move(
                        17991,
                    ),
                ],
                occupied: BitBoard(
                    1157425382387226383,
                ),
                owned: BitBoard(
                    50792207,
                ),
            },
            white: PlayerState {
                hand: PieceList(
                    3906,
                ),
                move_list: [
                    Move(
                        544,
                    ),
                    Move(
                        11204,
                    ),
                    Move(
                        6450,
                    ),
                    Move(
                        17447,
                    ),
                    Move(
                        9667,
                    ),
                    Move(
                        13701,
                    ),
                ],
                occupied: BitBoard(
                    877959073646510176,
                ),
                owned: BitBoard(
                    1085089333754462208,
                ),
            },
            boss: BitBoard(
                847723465016067,
            ),
            rays: Rays {
                s: BitBoard(
                    0,
                ),
                w: BitBoard(
                    0,
                ),
                n: BitBoard(
                    0,
                ),
                e: BitBoard(
                    0,
                ),
            },
        },
        hash: 14183283189780845147,
        capture_flag: false,
    },
    State {
        current: Black,
        board: Board {
            black: PlayerState {
                hand: PieceList(
                    790,
                ),
                move_list: [
                    Move(
                        0,
                    ),
                    Move(
                        24106,
                    ),
                    Move(
                        6931,
                    ),
                    Move(
                        26987,
                    ),
                    Move(
                        15109,
                    ),
                    Move(
                        13830,
                    ),
                    Move(
                        17991,
                    ),
                ],
                occupied: BitBoard(
                    1157425382387226383,
                ),
                owned: BitBoard(
                    50792207,
                ),
            },
            white: PlayerState {
                hand: PieceList(
                    3904,
                ),
                move_list: [
                    Move(
                        544,
                    ),
                    Move(
                        11204,
                    ),
                    Move(
                        6450,
                    ),
                    Move(
                        17447,
                    ),
                    Move(
                        9667,
                    ),
                    Move(
                        13701,
                    ),
                    Move(
                        4321,
                    ),
                ],
                occupied: BitBoard(
                    3183802082860204128,
                ),
                owned: BitBoard(
                    1085089333754462208,
                ),
            },
            boss: BitBoard(
                847723465016067,
            ),
            rays: Rays {
                s: BitBoard(
                    0,
                ),
                w: BitBoard(
                    0,
                ),
                n: BitBoard(
                    0,
                ),
                e: BitBoard(
                    0,
                ),
            },
        },
        hash: 18066282083400971182,
        capture_flag: false,
    },
    State {
        current: White,
        board: Board {
            black: PlayerState {
                hand: PieceList(
                    788,
                ),
                move_list: [
                    Move(
                        0,
                    ),
                    Move(
                        24106,
                    ),
                    Move(
                        6931,
                    ),
                    Move(
                        26987,
                    ),
                    Move(
                        15109,
                    ),
                    Move(
                        13830,
                    ),
                    Move(
                        17991,
                    ),
                    Move(
                        3313,
                    ),
                ],
                occupied: BitBoard(
                    1193454179406190351,
                ),
                owned: BitBoard(
                    50792207,
                ),
            },
            white: PlayerState {
                hand: PieceList(
                    3904,
                ),
                move_list: [
                    Move(
                        544,
                    ),
                    Move(
                        11204,
                    ),
                    Move(
                        6450,
                    ),
                    Move(
                        17447,
                    ),
                    Move(
                        9667,
                    ),
                    Move(
                        13701,
                    ),
                    Move(
                        4321,
                    ),
                ],
                occupied: BitBoard(
                    3183802082860204128,
                ),
                owned: BitBoard(
                    1085089333754462208,
                ),
            },
            boss: BitBoard(
                847723465016067,
            ),
            rays: Rays {
                s: BitBoard(
                    0,
                ),
                w: BitBoard(
                    0,
                ),
                n: BitBoard(
                    0,
                ),
                e: BitBoard(
                    0,
                ),
            },
        },
        hash: 15980298951188132906,
        capture_flag: false,
    },
    State {
        current: Black,
        board: Board {
            black: PlayerState {
                hand: PieceList(
                    2836,
                ),
                move_list: [
                    Move(
                        0,
                    ),
                    Move(
                        24106,
                    ),
                    Move(
                        6931,
                    ),
                    Move(
                        26987,
                    ),
                    Move(
                        13830,
                    ),
                    Move(
                        17991,
                    ),
                    Move(
                        3313,
                    ),
                ],
                occupied: BitBoard(
                    36029075171972879,
                ),
                owned: BitBoard(
                    50792207,
                ),
            },
            white: PlayerState {
                hand: PieceList(
                    1856,
                ),
                move_list: [
                    Move(
                        544,
                    ),
                    Move(
                        11204,
                    ),
                    Move(
                        6450,
                    ),
                    Move(
                        17447,
                    ),
                    Move(
                        9667,
                    ),
                    Move(
                        13701,
                    ),
                    Move(
                        4321,
                    ),
                    Move(
                        24939,
                    ),
                ],
                occupied: BitBoard(
                    3183806532446322784,
                ),
                owned: BitBoard(
                    4557430875792867328,
                ),
            },
            boss: BitBoard(
                847723465016067,
            ),
            rays: Rays {
                s: BitBoard(
                    0,
                ),
                w: BitBoard(
                    0,
                ),
                n: BitBoard(
                    0,
                ),
                e: BitBoard(
                    0,
                ),
            },
        },
        hash: 1817517388013682719,
        capture_flag: false,
    },
    State {
        current: White,
        board: Board {
            black: PlayerState {
                hand: PieceList(
                    2324,
                ),
                move_list: [
                    Move(
                        0,
                    ),
                    Move(
                        24106,
                    ),
                    Move(
                        6931,
                    ),
                    Move(
                        26987,
                    ),
                    Move(
                        13830,
                    ),
                    Move(
                        17991,
                    ),
                    Move(
                        3313,
                    ),
                    Move(
                        18841,
                    ),
                ],
                occupied: BitBoard(
                    36029075176216335,
                ),
                owned: BitBoard(
                    278165706511,
                ),
            },
            white: PlayerState {
                hand: PieceList(
                    1856,
                ),
                move_list: [
                    Move(
                        544,
                    ),
                    Move(
                        11204,
                    ),
                    Move(
                        6450,
                    ),
                    Move(
                        17447,
                    ),
                    Move(
                        9667,
                    ),
                    Move(
                        13701,
                    ),
                    Move(
                        4321,
                    ),
                    Move(
                        24939,
                    ),
                ],
                occupied: BitBoard(
                    3183806532446322784,
                ),
                owned: BitBoard(
                    4557430875792867328,
                ),
            },
            boss: BitBoard(
                847723465016067,
            ),
            rays: Rays {
                s: BitBoard(
                    0,
                ),
                w: BitBoard(
                    0,
                ),
                n: BitBoard(
                    0,
                ),
                e: BitBoard(
                    0,
                ),
            },
        },
        hash: 13770000826010988135,
        capture_flag: false,
    },
    State {
        current: Black,
        board: Board {
            black: PlayerState {
                hand: PieceList(
                    2324,
                ),
                move_list: [
                    Move(
                        0,
                    ),
                    Move(
                        24106,
                    ),
                    Move(
                        6931,
                    ),
                    Move(
                        26987,
                    ),
                    Move(
                        13830,
                    ),
                    Move(
                        17991,
                    ),
                    Move(
                        3313,
                    ),
                    Move(
                        18841,
                    ),
                ],
                occupied: BitBoard(
                    36029075176216335,
                ),
                owned: BitBoard(
                    278165706511,
                ),
            },
            white: PlayerState {
                hand: PieceList(
                    1792,
                ),
                move_list: [
                    Move(
                        544,
                    ),
                    Move(
                        11204,
                    ),
                    Move(
                        6450,
                    ),
                    Move(
                        17447,
                    ),
                    Move(
                        9667,
                    ),
                    Move(
                        13701,
                    ),
                    Move(
                        4321,
                    ),
                    Move(
                        24939,
                    ),
                    Move(
                        14854,
                    ),
                ],
                occupied: BitBoard(
                    3183824193351843936,
                ),
                owned: BitBoard(
                    4557430875792867328,
                ),
            },
            boss: BitBoard(
                847723465016067,
            ),
            rays: Rays {
                s: BitBoard(
                    0,
                ),
                w: BitBoard(
                    0,
                ),
                n: BitBoard(
                    0,
                ),
                e: BitBoard(
                    0,
                ),
            },
        },
        hash: 13445791263856850795,
        capture_flag: false,
    },
    State {
        current: White,
        board: Board {
            black: PlayerState {
                hand: PieceList(
                    2068,
                ),
                move_list: [
                    Move(
                        0,
                    ),
                    Move(
                        24106,
                    ),
                    Move(
                        6931,
                    ),
                    Move(
                        26987,
                    ),
                    Move(
                        13830,
                    ),
                    Move(
                        17991,
                    ),
                    Move(
                        3313,
                    ),
                    Move(
                        18841,
                    ),
                    Move(
                        17944,
                    ),
                ],
                occupied: BitBoard(
                    13889101528967862031,
                ),
                owned: BitBoard(
                    278165706511,
                ),
            },
            white: PlayerState {
                hand: PieceList(
                    1792,
                ),
                move_list: [
                    Move(
                        544,
                    ),
                    Move(
                        11204,
                    ),
                    Move(
                        6450,
                    ),
                    Move(
                        17447,
                    ),
                    Move(
                        9667,
                    ),
                    Move(
                        13701,
                    ),
                    Move(
                        4321,
                    ),
                    Move(
                        24939,
                    ),
                    Move(
                        14854,
                    ),
                ],
                occupied: BitBoard(
                    3183824193351843936,
                ),
                owned: BitBoard(
                    4557430875792867328,
                ),
            },
            boss: BitBoard(
                847723465016067,
            ),
            rays: Rays {
                s: BitBoard(
                    0,
                ),
                w: BitBoard(
                    0,
                ),
                n: BitBoard(
                    0,
                ),
                e: BitBoard(
                    0,
                ),
            },
        },
        hash: 14500199293366417856,
        capture_flag: false,
    },
]
